--------------------------------------------------------------------------------
--p-----------------------------------------------------------------------------
--X-----------------------------------------------------------------------------
---X----------------------------------------------------------------------------
----XXX-------------------------------------------------------------------------
-------XXX----------------------------------------------------------------------
----------XX-X--X--X------------------------------------------------------------
-------------X--X--X-----------------------XXXX---------------XXXX--X-----------
-------------X--X--X----------------------X----X--X--X-X-----X------------------
-------------X--X--X-------------------XXX------------------X-------------------
-------------X------------------------X--------------------X--------------------
-------------X-----------------------X--------------------X---------------------
-------------XXXXXXX-----v-----v----X--------------------X----------------------
-------------------XXXXXXXXXXXXXXXXX----------XXXXXXXXXXX-----------------------
--------------------------------------------------------------------------------
--------------------------------------------------------------------------------
--------------------------------------------------------------------------------
--------------------------------------------------------------------------------
--------------------------------------------------------------------------------
--------------------------------------------------------------------------------
--------------------------------------------------------------------------------
--------------------------------------------------------------------------------
