--------------------------------------------------------------------------------
--p-----------------------------------------------------------------------------
--X-----------------------------------------------------------------------------
---X----------------------------------------------------------------------------
----XXX-------------------------------------------------------------------------
-------XXX----------------------------------------------------------------------
----------XX-X-----X------------------------------------------------------------
-------------X----XX-----------------------XXXX---------------XXXX--X-----------
-------------X-----X----------------------X----X--X--X-X-----X------------------
-------------XX----X-------------------XXX------------------X-------------------
-------------X------------------------X--------------------X--------------------
--------------X----------------------X--------------------X---------------------
---------------XXXXX-----v-----v----X--------------------X----------------------
-------------------XXXXXXXXXXXXXXXXX----------XXXXXXXXXXX-----------------------
--------------------------------------------------------------------------------
--------------------------------------------------------------------------------
--------------------------------------------------------------------------------
--------------------------------------------------------------------------------
--------------------------------------------------------------------------------
--------------------------------------------------------------------------------
--------------------------------------------------------------------------------
--------------------------------------------------------------------------------
